Microchip MPLAB XC8 Compiler V2.31

Linker command line:

-W-3 --edf=/Applications/microchip/xc8/v2.31/pic/dat/en_msgs.txt -cn \
  -h+dist/default/production/MPLABX.production.sym \
  --cmf=dist/default/production/MPLABX.production.cmf -z -Q12F629 \
  -o/tmp/xcXbd3wP3 --defsym=__MPLAB_BUILD=1 \
  -Mdist/default/production/MPLABX.production.map -E1 -ver=XC8 Compiler \
  --acfsm=1493 -ASTACK=031h-05Dh -pstack=STACK -ACODE=00h-03FEh \
  -ASTRCODE=00h-03FEh -ASTRING=00h-0FFhx3,0300h-03FEh \
  -ACONST=00h-0FFhx3,0300h-03FEh -AENTRY=00h-0FFhx3,0300h-03FEh \
  -ABANK0=020h-05Dh -ARAM=020h-05Dh -AABS1=020h-05Fh -ACOMMON=05Eh-05Fh \
  -ASFR0=00h-01Fh -ASFR1=080h-0DDh -ACONFIG=02007h-02007h -DCONFIG=2 \
  -AIDLOC=02000h-02003h -DIDLOC=2 -AEEDATA=00h-07Fh/02100h \
  -peeprom_data=EEDATA -DEEDATA=2 -DCODE=2 -DSTRCODE=2 -DSTRING=2 -DCONST=2 \
  -DENTRY=2 -preset_vec=00h,intentry,init,end_init -ppowerup=CODE \
  -pcinit=CODE -pfunctab=ENTRY -posccal=03FFh -k /tmp/xcZoDkmDj.o \
  dist/default/production/MPLABX.production.o 

Object code version is 3.11

Machine type is 12F629



                Name                               Link     Load   Length Selector   Space Scale
/tmp/xcZoDkmDj.o
                end_init                              0        0        1        0       0
                config                             2007     2007        1        0       4
dist/default/production/MPLABX.production.o
                cinit                               3F7      3F7        8      7EE       0
                config                             2007     2007        1        0       4
                text13                              1E4      1E4       19      3C8       0
                text12                              195      195       11      32A       0
                text11                              16C      16C        3      2D8       0
                text10                              172      172        A      2E4       0
                text9                               1CC      1CC       18      398       0
                text8                               21B      21B       21      436       0
                text7                               16F      16F        3      2DE       0
                text6                               17C      17C        B      2F8       0
                text5                               1B7      1B7       15      36E       0
                text4                               23C      23C       2A      478       0
                text3                               187      187        E      30E       0
                text2                               1A6      1A6       11      34C       0
                text1                               1FD      1FD       1E      3FA       0
                maintext                            266      266      191      4CC       0
                cstackBANK0                          20       20        C       20       1
                bssBANK0                             2C       2C        5       20       1

TOTAL           Name                               Link     Load   Length     Space
        CLASS   STACK          

        CLASS   CODE           
                end_init                              0        0        1         0
                cinit                               3F7      3F7        8         0
                text13                              1E4      1E4       19         0
                text12                              195      195       11         0
                text11                              16C      16C        3         0
                text10                              172      172        A         0
                text9                               1CC      1CC       18         0
                text8                               21B      21B       21         0
                text7                               16F      16F        3         0
                text6                               17C      17C        B         0
                text5                               1B7      1B7       15         0
                text4                               23C      23C       2A         0
                text3                               187      187        E         0
                text2                               1A6      1A6       11         0
                text1                               1FD      1FD       1E         0
                maintext                            266      266      191         0

        CLASS   STRCODE        

        CLASS   STRING         

        CLASS   CONST          

        CLASS   ENTRY          

        CLASS   BANK0          
                cstackBANK0                          20       20        C         1
                bssBANK0                             2C       2C        5         1

        CLASS   RAM            

        CLASS   ABS1           
                abs_s1                               5E       5E        2         1

        CLASS   COMMON         

        CLASS   SFR0           

        CLASS   SFR1           

        CLASS   CONFIG         
                config                             2007     2007        1         4

        CLASS   IDLOC          

        CLASS   EEDATA         

        CLASS   BANK1          



SEGMENTS        Name                           Load    Length   Top    Selector   Space  Class     Delta

                text6                          00017C  00000B  000187       2F8       0  CODE        2
                text3                          000187  00000E  000195       30E       0  CODE        2
                text5                          0001B7  000015  0001CC       36E       0  CODE        2
                text9                          0001CC  000018  0001E4       398       0  CODE        2
                text12                         000195  000011  0001A6       32A       0  CODE        2
                text2                          0001A6  000011  0001B7       34C       0  CODE        2
                text10                         000172  00000A  00017C       2E4       0  CODE        2
                reset_vec                      000000  000001  000001         0       0  CODE        2
                text11                         00016C  000003  00016F       2D8       0  CODE        2
                text7                          00016F  000003  000172       2DE       0  CODE        2
                cstackBANK0                    000020  000011  000031        20       1  BANK0       1
                cinit                          0003F7  000008  0003FF       7EE       0  CODE        2
                maintext                       000266  000191  0003F7       4CC       0  CODE        2
                text1                          0001FD  00001E  00021B       3FA       0  CODE        2
                text13                         0001E4  000019  0001FD       3C8       0  CODE        2
                text4                          00023C  00002A  000266       478       0  CODE        2
                text8                          00021B  000021  00023C       436       0  CODE        2


UNUSED ADDRESS RANGES

        Name                Unused          Largest block    Delta
        BANK0            0031-005D             2D           1
        CODE             0001-016B            16B           2
        CONST            0001-016B             FF           2
        EEDATA           2100-217F             80           2
        ENTRY            0001-016B             FF           2
        IDLOC            2000-2003              4           2
        RAM              0031-005D             2D           1
        SFR0             0000-001F             20           1
        SFR1             0080-00DD             5E           1
        STACK            0031-005D             2D           1
        STRCODE          0001-016B            16B           2
        STRING           0001-016B             FF           2

                                  Symbol Table

Delay@i                       cstackBANK0  0023
Delay@ms                      cstackBANK0  0020
FlashLEDs@delay               cstackBANK0  0025
FlashLEDs@value               cstackBANK0  0027
FlashSelectedKernal@i         cstackBANK0  0028
RestorePressed@pressed        cstackBANK0  0025
RestorePressedTime@count      cstackBANK0  0028
RestorePressedTime@max        cstackBANK0  0027
SaveKernal@index              cstackBANK0  0021
SetKernal@value               cstackBANK0  0025
SetLED@value                  cstackBANK0  0020
_CMCON                        (abs)        0019
_Delay                        text13       01E4
_DoReset                      text9        01CC
_EEADR                        (abs)        009B
_EECON1                       (abs)        009C
_EECON1bits                   (abs)        009C
_EECON2                       (abs)        009D
_EEDATA                       (abs)        009A
_FlashLEDs                    text10       0172
_FlashSelectedKernal          text8        021B
_GIE                          (abs)        005F
_GPIE                         (abs)        005B
_GPIF                         (abs)        0058
_GPIObits                     (abs)        0005
_INTCONbits                   (abs)        000B
_IOC                          (abs)        0096
_Init                         text4        023C
_LEDsOff                      text11       016C
_LEDsOn                       text7        016F
_LoadKernal                   text6        017C
_OPTION_REG                   (abs)        0081
_RestorePressed               text3        0187
_RestorePressedTime           text2        01A6
_STATUSbits                   (abs)        0003
_SaveKernal                   text1        01FD
_SetKernal                    text5        01B7
_SetLED                       text12       0195
_TRISIO                       (abs)        0085
_TRISIObits                   (abs)        0085
_WPUbits                      (abs)        0095
__Habs1                       abs1         07FE
__Hbank0                      bank0        07FE
__Hbank1                      bank1        07FE
__HbssBANK0                   bssBANK0     07FE
__Hcinit                      cinit        03FF
__Hclrtext                    clrtext      07FE
__Hcode                       code         07FE
__Hcommon                     common       07FE
__Hconfig                     config       2008
__HcstackBANK0                cstackBANK0  07FE
__HcstackCOMMON               cstackCOMMON 07FE
__Heeprom_data                eeprom_data  0000
__Hend_init                   end_init     0001
__Hfunctab                    functab      0000
__Hinit                       init         0000
__Hintentry                   intentry     0000
__Hmaintext                   maintext     07FE
__Hosccal                     osccal       03FF
__Hpowerup                    powerup      0000
__Hram                        ram          07FE
__Hreset_vec                  reset_vec    0000
__Hsfr0                       sfr0         07FE
__Hsfr1                       sfr1         07FE
__Hspace_0                    (abs)        07FE
__Hspace_1                    (abs)        07FE
__Hspace_2                    (abs)        0000
__Hspace_3                    (abs)        0000
__Hspace_4                    (abs)        400F
__Hstack                      stack        0000
__Hstrings                    strings      07FE
__Htext                       text         07FE
__Labs1                       abs1         07FE
__Lbank0                      bank0        07FE
__Lbank1                      bank1        07FE
__LbssBANK0                   bssBANK0     07FE
__Lcinit                      cinit        03F7
__Lclrtext                    clrtext      07FE
__Lcode                       code         07FE
__Lcommon                     common       07FE
__Lconfig                     config       0000
__LcstackBANK0                cstackBANK0  07FE
__LcstackCOMMON               cstackCOMMON 07FE
__Leeprom_data                eeprom_data  0000
__Lend_init                   end_init     0000
__Lfunctab                    functab      0000
__Linit                       init         0000
__Lintentry                   intentry     0000
__Lmaintext                   maintext     07FE
__Losccal                     osccal       03FF
__Lpowerup                    powerup      0000
__Lram                        ram          07FE
__Lreset_vec                  reset_vec    0000
__Lsfr0                       sfr0         07FE
__Lsfr1                       sfr1         07FE
__Lspace_0                    (abs)        0000
__Lspace_1                    (abs)        0000
__Lspace_2                    (abs)        0000
__Lspace_3                    (abs)        0000
__Lspace_4                    (abs)        0000
__Lstack                      stack        0000
__Lstrings                    strings      07FE
__Ltext                       text         07FE
__S0                          (abs)        03FF
__S1                          (abs)        0031
__S2                          (abs)        0000
__S3                          (abs)        0000
___int_sp                     stack        0000
___latbits                    (abs)        0000
___osccal_val                 osccal       03FF
___sp                         stack        0000
___stackhi                    (abs)        0000
___stacklo                    (abs)        0000
__end_of_Delay                text13       01FD
__end_of_DoReset              text9        01E4
__end_of_FlashLEDs            text10       017C
__end_of_FlashSelectedKernal  text8        023C
__end_of_Init                 text4        0266
__end_of_LEDsOff              text11       016F
__end_of_LEDsOn               text7        0172
__end_of_LoadKernal           text6        0187
__end_of_RestorePressed       text3        0195
__end_of_RestorePressedTime   text2        01B7
__end_of_SaveKernal           text1        021B
__end_of_SetKernal            text5        01CC
__end_of_SetLED               text12       01A6
__end_of__initialization      cinit        03FD
__end_of_main                 maintext     03F7
__initialization              cinit        03F7
__pbssBANK0                   bssBANK0     002C
__pcstackBANK0                cstackBANK0  0020
__pcstackCOMMON               cstackCOMMON 0000
__pmaintext                   maintext     0266
__ptext1                      text1        01FD
__ptext10                     text10       0172
__ptext11                     text11       016C
__ptext12                     text12       0195
__ptext13                     text13       01E4
__ptext2                      text2        01A6
__ptext3                      text3        0187
__ptext4                      text4        023C
__ptext5                      text5        01B7
__ptext6                      text6        017C
__ptext7                      text7        016F
__ptext8                      text8        021B
__ptext9                      text9        01CC
__size_of_Delay               (abs)        0000
__size_of_DoReset             (abs)        0000
__size_of_FlashLEDs           (abs)        0000
__size_of_FlashSelectedKernal (abs)        0000
__size_of_Init                (abs)        0000
__size_of_LEDsOff             (abs)        0000
__size_of_LEDsOn              (abs)        0000
__size_of_LoadKernal          (abs)        0000
__size_of_RestorePressed      (abs)        0000
__size_of_RestorePressedTime  (abs)        0000
__size_of_SaveKernal          (abs)        0000
__size_of_SetKernal           (abs)        0000
__size_of_SetLED              (abs)        0000
__size_of_main                (abs)        0000
_kernalIndex                  bssBANK0     002E
_main                         maintext     0266
_main_state                   bssBANK0     0030
_pressedTime                  bssBANK0     002C
_select_state                 bssBANK0     002F
btemp                         (abs)        005E
end_of_initialization         cinit        03FD
intlevel0                     functab      0000
intlevel1                     functab      0000
intlevel2                     functab      0000
intlevel3                     functab      0000
intlevel4                     functab      0000
intlevel5                     functab      0000
reset_vec                     reset_vec    0000
start                         init         0000
start_initialization          cinit        03F7
wtemp0                        (abs)        005E


FUNCTION INFORMATION:

 *************** function _main *****************
 Defined at:
		line 200 in file "C128-Quad-Kernal.c"
 Parameters:    Size  Location     Type
		None
 Auto vars:     Size  Location     Type
		None
 Return value:  Size  Location     Type
                  1    wreg      void 
 Registers used:
		wreg, fsr0l, fsr0h, status,2, status,0, btemp+1, pclath, cstack
 Tracked objects:
		On entry : 
		On exit  : 
		Unchanged: 
 Data sizes:     COMMON   BANK0
      Params:         0       0
      Locals:         0       0
      Temps:          0       1
      Totals:         0       1
Total ram usage:        1 bytes
 Hardware stack levels required when called:    5
 This function calls:
		_DoReset
		_FlashLEDs
		_Init
		_LoadKernal
		_RestorePressed
		_RestorePressedTime
		_SaveKernal
		_SetKernal
		_SetLED
 This function is called by:
		Startup code after reset
 This function uses a non-reentrant model


 *************** function _SaveKernal *****************
 Defined at:
		line 114 in file "C128-Quad-Kernal.c"
 Parameters:    Size  Location     Type
  index           1    wreg     unsigned char 
 Auto vars:     Size  Location     Type
  index           1    1[BANK0 ] unsigned char 
 Return value:  Size  Location     Type
                  1    wreg      void 
 Registers used:
		wreg, status,2, status,0
 Tracked objects:
		On entry : 
		On exit  : 
		Unchanged: 
 Data sizes:     COMMON   BANK0
      Params:         0       0
      Locals:         0       1
      Temps:          0       1
      Totals:         0       2
Total ram usage:        2 bytes
 Hardware stack levels used:    1
 This function calls:
		Nothing
 This function is called by:
		_main
 This function uses a non-reentrant model


 *************** function _RestorePressedTime *****************
 Defined at:
		line 85 in file "C128-Quad-Kernal.c"
 Parameters:    Size  Location     Type
  max             1    wreg     unsigned char 
 Auto vars:     Size  Location     Type
  max             1    7[BANK0 ] unsigned char 
  count           1    8[BANK0 ] unsigned char 
 Return value:  Size  Location     Type
                  1    wreg      unsigned char 
 Registers used:
		wreg, status,2, status,0, pclath, cstack
 Tracked objects:
		On entry : 
		On exit  : 
		Unchanged: 
 Data sizes:     COMMON   BANK0
      Params:         0       0
      Locals:         0       2
      Temps:          0       1
      Totals:         0       3
Total ram usage:        3 bytes
 Hardware stack levels used:    1
 Hardware stack levels required when called:    2
 This function calls:
		_RestorePressed
 This function is called by:
		_main
 This function uses a non-reentrant model


 *************** function _RestorePressed *****************
 Defined at:
		line 70 in file "C128-Quad-Kernal.c"
 Parameters:    Size  Location     Type
		None
 Auto vars:     Size  Location     Type
  pressed         1    5[BANK0 ] unsigned char 
 Return value:  Size  Location     Type
                  1    wreg      unsigned char 
 Registers used:
		wreg, status,2, status,0, pclath, cstack
 Tracked objects:
		On entry : 
		On exit  : 
		Unchanged: 
 Data sizes:     COMMON   BANK0
      Params:         0       0
      Locals:         0       1
      Temps:          0       0
      Totals:         0       1
Total ram usage:        1 bytes
 Hardware stack levels used:    1
 Hardware stack levels required when called:    1
 This function calls:
		_Delay
 This function is called by:
		_RestorePressedTime
		_main
 This function uses a non-reentrant model


 *************** function _Init *****************
 Defined at:
		line 171 in file "C128-Quad-Kernal.c"
 Parameters:    Size  Location     Type
		None
 Auto vars:     Size  Location     Type
		None
 Return value:  Size  Location     Type
                  1    wreg      void 
 Registers used:
		wreg, status,2, status,0, btemp+1, pclath, cstack
 Tracked objects:
		On entry : 
		On exit  : 
		Unchanged: 
 Data sizes:     COMMON   BANK0
      Params:         0       0
      Locals:         0       0
      Temps:          0       1
      Totals:         0       1
Total ram usage:        1 bytes
 Hardware stack levels used:    1
 Hardware stack levels required when called:    4
 This function calls:
		_Delay
		_DoReset
		_FlashSelectedKernal
		_LEDsOn
		_LoadKernal
		_SetKernal
 This function is called by:
		_main
 This function uses a non-reentrant model


 *************** function _SetKernal *****************
 Defined at:
		line 97 in file "C128-Quad-Kernal.c"
 Parameters:    Size  Location     Type
  value           1    wreg     unsigned char 
 Auto vars:     Size  Location     Type
  value           1    5[BANK0 ] unsigned char 
 Return value:  Size  Location     Type
                  1    wreg      void 
 Registers used:
		wreg, status,2, status,0, pclath, cstack
 Tracked objects:
		On entry : 
		On exit  : 
		Unchanged: 
 Data sizes:     COMMON   BANK0
      Params:         0       0
      Locals:         0       1
      Temps:          0       0
      Totals:         0       1
Total ram usage:        1 bytes
 Hardware stack levels used:    1
 Hardware stack levels required when called:    1
 This function calls:
		_Delay
 This function is called by:
		_Init
		_main
 This function uses a non-reentrant model


 *************** function _LoadKernal *****************
 Defined at:
		line 121 in file "C128-Quad-Kernal.c"
 Parameters:    Size  Location     Type
		None
 Auto vars:     Size  Location     Type
		None
 Return value:  Size  Location     Type
                  1    wreg      unsigned char 
 Registers used:
		wreg, status,2, status,0
 Tracked objects:
		On entry : 
		On exit  : 
		Unchanged: 
 Data sizes:     COMMON   BANK0
      Params:         0       0
      Locals:         0       0
      Temps:          0       1
      Totals:         0       1
Total ram usage:        1 bytes
 Hardware stack levels used:    1
 This function calls:
		Nothing
 This function is called by:
		_Init
		_main
 This function uses a non-reentrant model


 *************** function _LEDsOn *****************
 Defined at:
		line 136 in file "C128-Quad-Kernal.c"
 Parameters:    Size  Location     Type
		None
 Auto vars:     Size  Location     Type
		None
 Return value:  Size  Location     Type
                  1    wreg      void 
 Registers used:
		wreg, status,2, status,0, pclath, cstack
 Tracked objects:
		On entry : 
		On exit  : 
		Unchanged: 
 Data sizes:     COMMON   BANK0
      Params:         0       0
      Locals:         0       0
      Temps:          0       0
      Totals:         0       0
Total ram usage:        0 bytes
 Hardware stack levels used:    1
 Hardware stack levels required when called:    1
 This function calls:
		_SetLED
 This function is called by:
		_Init
 This function uses a non-reentrant model


 *************** function _FlashSelectedKernal *****************
 Defined at:
		line 154 in file "C128-Quad-Kernal.c"
 Parameters:    Size  Location     Type
		None
 Auto vars:     Size  Location     Type
  i               2    8[BANK0 ] int 
 Return value:  Size  Location     Type
                  1    wreg      void 
 Registers used:
		wreg, status,2, status,0, btemp+1, pclath, cstack
 Tracked objects:
		On entry : 
		On exit  : 
		Unchanged: 
 Data sizes:     COMMON   BANK0
      Params:         0       0
      Locals:         0       2
      Temps:          0       0
      Totals:         0       2
Total ram usage:        2 bytes
 Hardware stack levels used:    1
 Hardware stack levels required when called:    3
 This function calls:
		_Delay
		_FlashLEDs
 This function is called by:
		_Init
 This function uses a non-reentrant model


 *************** function _DoReset *****************
 Defined at:
		line 162 in file "C128-Quad-Kernal.c"
 Parameters:    Size  Location     Type
		None
 Auto vars:     Size  Location     Type
		None
 Return value:  Size  Location     Type
                  1    wreg      void 
 Registers used:
		wreg, status,2, status,0, pclath, cstack
 Tracked objects:
		On entry : 
		On exit  : 
		Unchanged: 
 Data sizes:     COMMON   BANK0
      Params:         0       0
      Locals:         0       0
      Temps:          0       0
      Totals:         0       0
Total ram usage:        0 bytes
 Hardware stack levels used:    1
 Hardware stack levels required when called:    3
 This function calls:
		_Delay
		_FlashLEDs
 This function is called by:
		_Init
		_main
 This function uses a non-reentrant model


 *************** function _FlashLEDs *****************
 Defined at:
		line 144 in file "C128-Quad-Kernal.c"
 Parameters:    Size  Location     Type
  value           1    wreg     unsigned char 
  delay           2    5[BANK0 ] unsigned short 
 Auto vars:     Size  Location     Type
  value           1    7[BANK0 ] unsigned char 
 Return value:  Size  Location     Type
                  1    wreg      void 
 Registers used:
		wreg, status,2, status,0, pclath, cstack
 Tracked objects:
		On entry : 
		On exit  : 
		Unchanged: 
 Data sizes:     COMMON   BANK0
      Params:         0       2
      Locals:         0       1
      Temps:          0       0
      Totals:         0       3
Total ram usage:        3 bytes
 Hardware stack levels used:    1
 Hardware stack levels required when called:    2
 This function calls:
		_Delay
		_LEDsOff
		_SetLED
 This function is called by:
		_FlashSelectedKernal
		_DoReset
		_main
 This function uses a non-reentrant model


 *************** function _LEDsOff *****************
 Defined at:
		line 128 in file "C128-Quad-Kernal.c"
 Parameters:    Size  Location     Type
		None
 Auto vars:     Size  Location     Type
		None
 Return value:  Size  Location     Type
                  1    wreg      void 
 Registers used:
		wreg, status,2, status,0, pclath, cstack
 Tracked objects:
		On entry : 
		On exit  : 
		Unchanged: 
 Data sizes:     COMMON   BANK0
      Params:         0       0
      Locals:         0       0
      Temps:          0       0
      Totals:         0       0
Total ram usage:        0 bytes
 Hardware stack levels used:    1
 Hardware stack levels required when called:    1
 This function calls:
		_SetLED
 This function is called by:
		_FlashLEDs
 This function uses a non-reentrant model


 *************** function _SetLED *****************
 Defined at:
		line 106 in file "C128-Quad-Kernal.c"
 Parameters:    Size  Location     Type
  value           1    wreg     unsigned char 
 Auto vars:     Size  Location     Type
  value           1    0[BANK0 ] unsigned char 
 Return value:  Size  Location     Type
                  1    wreg      void 
 Registers used:
		wreg
 Tracked objects:
		On entry : 
		On exit  : 
		Unchanged: 
 Data sizes:     COMMON   BANK0
      Params:         0       0
      Locals:         0       1
      Temps:          0       0
      Totals:         0       1
Total ram usage:        1 bytes
 Hardware stack levels used:    1
 This function calls:
		Nothing
 This function is called by:
		_LEDsOff
		_LEDsOn
		_FlashLEDs
		_main
 This function uses a non-reentrant model


 *************** function _Delay *****************
 Defined at:
		line 61 in file "C128-Quad-Kernal.c"
 Parameters:    Size  Location     Type
  ms              2    0[BANK0 ] unsigned short 
 Auto vars:     Size  Location     Type
  i               2    3[BANK0 ] int 
 Return value:  Size  Location     Type
                  1    wreg      void 
 Registers used:
		wreg, status,2
 Tracked objects:
		On entry : 
		On exit  : 
		Unchanged: 
 Data sizes:     COMMON   BANK0
      Params:         0       2
      Locals:         0       2
      Temps:          0       1
      Totals:         0       5
Total ram usage:        5 bytes
 Hardware stack levels used:    1
 This function calls:
		Nothing
 This function is called by:
		_RestorePressed
		_SetKernal
		_FlashLEDs
		_FlashSelectedKernal
		_DoReset
		_Init
 This function uses a non-reentrant model



MODULE INFORMATION

Module		Function		Class		Link	Load	Size
C128-Quad-Kernal.c
		_LEDsOff       		CODE           	016C	0000	3
		_RestorePressed		CODE           	0187	0000	14
		_LoadKernal    		CODE           	017C	0000	11
		_FlashSelectedKernal		CODE           	021B	0000	33
		_RestorePressedTime		CODE           	01A6	0000	17
		_main          		CODE           	0266	0000	401
		_LEDsOn        		CODE           	016F	0000	3
		_Init          		CODE           	023C	0000	42
		_FlashLEDs     		CODE           	0172	0000	10
		_DoReset       		CODE           	01CC	0000	24
		_Delay         		CODE           	01E4	0000	25
		_SetKernal     		CODE           	01B7	0000	21
		_SaveKernal    		CODE           	01FD	0000	30
		_SetLED        		CODE           	0195	0000	17

C128-Quad-Kernal.c estimated size: 651

shared
		__initialization		CODE           	03F7	0000	6

shared estimated size: 6

